// Jest Snapshot v1, https://goo.gl/fbAQLP

exports[`Test Menubar Snapshot testing menubar snapshot 1`] = `
<nav
  className="navbar navbar-expand-lg navbar-light bg-light"
>
  <a
    className="navbar-brand"
    href="/"
  >
    VR-Recommender
  </a>
  <button
    aria-controls="basic-navbar-nav"
    aria-label="Toggle navigation"
    className="navbar-toggler collapsed"
    onClick={[Function]}
    type="button"
  >
    <span
      className="navbar-toggler-icon"
    />
  </button>
  <div
    aria-expanded={null}
    className="navbar-collapse collapse"
    id="basic-navbar-nav"
  >
    <div
      className="mr-auto navbar-nav"
      onKeyDown={[Function]}
    >
      <a
        activename="active"
        className="active nav-link"
        data-rb-event-key="/"
        href="/"
        onClick={[Function]}
        onKeyDown={[Function]}
        style={Object {}}
      >
        Filter
      </a>
      <a
        activename="active"
        className="nav-link"
        data-rb-event-key="/help/"
        href="/help/"
        onClick={[Function]}
        onKeyDown={[Function]}
      >
        Help
      </a>
    </div>
  </div>
</nav>
`;
